Starting Photon API tests for photon
Base URL: https://photon.soundscape.scottishtecharmy.org/photon
Output directory: /home/plw/work/soundscape/soundscape-backend/photon
Log file: /home/plw/work/soundscape/soundscape-backend/photon/photon_20260216_164013.log
CSV file: /home/plw/work/soundscape/soundscape-backend/photon/photon_20260216_164013.csv

Running test: Forward geocoding: Tower of London
  URL: https://photon.soundscape.scottishtecharmy.org/photon/api?q=tower%20OF%20LONdOn
[2026-02-16 16:40:14] Forward geocoding: Tower of London: PASS [x-cache: TCP_MISS] - Validation succeeded: EC3N 4AB
Running test: Reverse geocoding: Tower of London coordinates
  URL: https://photon.soundscape.scottishtecharmy.org/photon/reverse?lon=-0.0761879025700761&lat=51.508217
[2026-02-16 16:40:14] Reverse geocoding: Tower of London coordinates: PASS [x-cache: TCP_MISS] - Validation succeeded: Tower of London
Running test: Reverse geocoding: French language
  URL: https://photon.soundscape.scottishtecharmy.org/photon/reverse?lon=-0.0761879025700761&lat=51.508217&lang=fr
[2026-02-16 16:40:14] Reverse geocoding: French language: PASS [x-cache: TCP_MISS] - Validation succeeded: Royaume-Uni
Running test: Reverse geocoding: German language
  URL: https://photon.soundscape.scottishtecharmy.org/photon/reverse?lon=-0.0761879025700761&lat=51.508217&lang=de
[2026-02-16 16:40:15] Reverse geocoding: German language: PASS [x-cache: TCP_MISS] - Validation succeeded: Vereinigtes Königreich
Running test: Forward geocoding: Tokyo (Japanese)
  URL: https://photon.soundscape.scottishtecharmy.org/photon/api?q=TOKYo
[2026-02-16 16:40:16] Forward geocoding: Tokyo (Japanese): PASS [x-cache: TCP_MISS] - Validation succeeded: 東京都
Running test: Forward geocoding: Tokyo (English)
  URL: https://photon.soundscape.scottishtecharmy.org/photon/api?q=tokYO&lang=en
[2026-02-16 16:40:16] Forward geocoding: Tokyo (English): PASS [x-cache: TCP_MISS] - Validation succeeded: Tokyo

All tests completed
Results written to:
  Log: /home/plw/work/soundscape/soundscape-backend/photon/photon_20260216_164013.log
  CSV: /home/plw/work/soundscape/soundscape-backend/photon/photon_20260216_164013.csv

Summary: 6 passed, 0 failed
